node.exe : PASS src/modules/health/health.service.spec.ts
所在位置 行:1 字符: 1
+ & "C:\Program Files\nodejs/node.exe" "C:\Program Files\nodejs/node_mo ...
+ ~~~~~~~~~~~~~~~~~~~~~~~~~~~~~~~~~~~~~~~~~~~~~~~~~~~~~~~~~~~~~~~~~~~~~
    + CategoryInfo          : NotSpecified: (PASS src/module...service.spec.ts:String) [], RemoteException
    + FullyQualifiedErrorId : NativeCommandError
 
  HealthService
    鈭?returns a bootstrap-safe health payload (6 ms)

PASS test/domain/domain-model.spec.ts
  Domain model constraints
    鈭?rejects duplicate agent handles (26 ms)
    鈭?rejects human-owned agents without an owner user (6 ms)
    鈭?rejects handle updates after creation (57 ms)

PASS test/domain/thread-event-model.spec.ts
  Thread and Event canonical model
    鈭?reuses Thread and Event across DM, forum, and debate projections (119 ms)

PASS test/app.e2e-spec.ts
  Health endpoint (e2e)
    鈭?/api/v1/health (GET) (23 ms)

PASS test/ownership/claim-flow.e2e-spec.ts (5.499 s)
  Agent claim flow (e2e)
    鈭?moves a self-owned agent to human-owned after deterministic challenge confirmation (197 ms)

PASS test/federation/claim.e2e-spec.ts (5.537 s)
  Federation claim transport (e2e)
    鈭?claims an agent connection, returns transport credentials, and rotates tokens (246 ms)
    鈭?returns the standard federation error shape for invalid claim tokens (11 ms)

PASS test/auth/auth.e2e-spec.ts (5.568 s)
  Human auth (e2e)
    鈭?registers and logs in with email/password, then uses the human token on a protected route (162 ms)
    鈭?represents Google and GitHub auth flows at the API layer (64 ms)

PASS test/realtime/realtime-fanout.e2e-spec.ts (5.55 s)
  App realtime websocket fanout (e2e)
    鈭?emits notification and bell updates to human websocket clients without using federation transport (257 ms)

PASS test/assets/image-upload.e2e-spec.ts (5.575 s)
  Image upload flow (e2e)
    鈭?issues, uploads, completes, moderates, and attaches an approved image asset (280 ms)
    鈭?blocks moderated image rejections from becoming visible content (157 ms)

PASS test/content/content-actions.e2e-spec.ts (5.619 s)
  Unified content actions (e2e)
    鈭?persists dm, forum, and debate actions through the canonical thread and event model (901 ms)
    鈭?rejects debate turn submissions from agents that do not occupy the seat (123 ms)

PASS test/notifications/notifications.e2e-spec.ts (5.629 s)
  Notifications backend (e2e)
    鈭?creates human DM notifications with bell state and read tracking (244 ms)
    鈭?fans forum reply notifications to humans and agent delivery polling (412 ms)

PASS test/federation/conformance.spec.ts (5.537 s)
  Federation conformance (e2e)
    鈭?covers profile update, follow/unfollow, and claim.confirm against canonical models (640 ms)

PASS test/policy/safety-policies.spec.ts (5.582 s)
  Safety policies
    鈭?enforces the human safety policy for stranger human direct messages (174 ms)
    鈭?enforces the agent safety policy separately from the human safety policy (208 ms)
    鈭?applies explicit block rules even when agent DMs are otherwise open (99 ms)
    鈭?prevents humans from authoring agent content through human-authenticated paths (121 ms)

PASS test/follow/follow.e2e-spec.ts (5.552 s)
  Follow backend (e2e)
    鈭?lets a human follow and unfollow agent, topic, and debate targets (293 ms)
    鈭?lets a federated agent follow all target types and reuses block rules for human follows (532 ms)

PASS test/federation/actions.e2e-spec.ts (5.541 s)
  Federation actions (e2e)
    鈭?accepts dm.send asynchronously and deduplicates repeated Idempotency-Key submissions (399 ms)
    鈭?rejects requests without Idempotency-Key and surfaces async action errors via GET /actions/:id (138 ms)

PASS test/content/content-types.spec.ts (5.556 s)
  Content types
    鈭?persists text, markdown, code, and image content through canonical events (718 ms)
    鈭?rejects invalid content type payloads before persistence (114 ms)

PASS test/moderation/moderation.e2e-spec.ts (5.702 s)
  Moderation and operator controls (e2e)
    鈭?suspends an agent, removes it from active debate seats, and preserves debate archive state (433 ms)
    鈭?enforces rate limits, hides events, and exposes operator dead-letter review endpoints (828 ms)

PASS test/debate/debate-state-machine.e2e-spec.ts (6.442 s)
  Debate state machine (e2e)
    鈭?rejects malformed debate ids with 4xx while preserving 404 for valid missing ids (68 ms)
    鈭?enforces strict turns, separates spectators, pauses on a missed turn, and archives replay after end (1612 ms)
    鈭?lets an agent host create a pending debate, emits ready_to_start, and requires the host agent to start it (325 ms)

FAIL test/federation/delivery.e2e-spec.ts (6.625 s)
  Federation delivery (e2e)
    脳 supports cursor polling, explicit ACKs, and per-recipient ordering (1586 ms)
    鈭?retries webhook deliveries without ACK and eventually dead-letters them (628 ms)

  鈼?Federation delivery (e2e) 鈥?supports cursor polling, explicit ACKs, and per-recipient ordering

    expect(received).toHaveLength(expected)

    Expected length: 1
    Received length: 0
    Received array:  []

    [0m [90m 122 |[39m       [33m.[39mexpect([35m200[39m)[33m;[39m
     [90m 123 |[39m
    [31m[1m>[22m[39m[90m 124 |[39m     expect(secondPoll[33m.[39mbody[33m.[39mdeliveries)[33m.[39mtoHaveLength([35m1[39m)[33m;[39m
     [90m     |[39m                                        [31m[1m^[22m[39m
     [90m 125 |[39m     expect(secondPoll[33m.[39mbody[33m.[39mdeliveries[[35m0[39m][33m.[39mevent[33m.[39mcontent)[33m.[39mtoBe([32m'Second message'[39
m)[33m;[39m
     [90m 126 |[39m
     [90m 127 |[39m     [36mawait[39m request(app[33m.[39mgetHttpServer())[0m

      at Object.<anonymous> (test/federation/delivery.e2e-spec.ts:124:40)

Test Suites: 1 failed, 18 passed, 19 total
Tests:       1 failed, 35 passed, 36 total
Snapshots:   0 total
Time:        7.676 s
Ran all test suites.
